[Nest] 36052  - 14/09/2026, 1:11:42 pm   ERROR [NestApplication] Error: listen EADDRINUSE: address already in use :::3000 +5ms
node:net:1937
    const ex = new UVExceptionWithHostPort(err, 'listen', address, port);
               ^

Error: listen EADDRINUSE: address already in use :::3000
    at Server.setupListenHandle [as _listen2] (node:net:1937:16)
    at listenInCluster (node:net:1994:12)
    at Server.listen (node:net:2099:7)
    at ExpressAdapter.listen (C:\Users\paras\OneDrive\Desktop\VDA-Application\vda\node_modules\@nestjs\platform-express\adapters\express-adapter.js:115:32)
    at C:\Users\paras\OneDrive\Desktop\VDA-Application\vda\node_modules\@nestjs\core\nest-application.js:190:30
    at new Promise (<anonymous>)
    at NestApplication.listen (C:\Users\paras\OneDrive\Desktop\VDA-Application\vda\node_modules\@nestjs\core\nest-application.js:180:16)
    at process.processTicksAndRejections (node:internal/process/task_queues:105:5)
    at async bootstrap (C:\Users\paras\OneDrive\Desktop\VDA-Application\vda\src\main.ts:31:3) {
  code: 'EADDRINUSE',
  errno: -4091,
  syscall: 'listen',
  address: '::',
  port: 3000
}

Node.js v22.13.1
[Nest] 13024  - 14/09/2026, 1:56:52 pm   ERROR [GlobalExceptionFilter] VDA Error: code=INTERNAL_SERVER_ERROR status=500 correlationId=vda-33c75bfc-a228-4005-8ff3-7d6cd64bd1c4 message=invalid input syntax for type uuid: "synth-patient-001"
QueryFailedError: invalid input syntax for type uuid: "synth-patient-001"
    at PostgresQueryRunner.query (C:\Users\paras\OneDrive\Desktop\VDA-Application\vda\src\driver\postgres\PostgresQueryRunner.ts:345:19)
    at process.processTicksAndRejections (node:internal/process/task_queues:105:5)
    at async SelectQueryBuilder.loadRawResults (C:\Users\paras\OneDrive\Desktop\VDA-Application\vda\src\query-builder\SelectQueryBuilder.ts:3897:25)
    at async SelectQueryBuilder.executeEntitiesAndRawResults (C:\Users\paras\OneDrive\Desktop\VDA-Application\vda\src\query-builder\SelectQueryBuilder.ts:3619:26)
    at async SelectQueryBuilder.getRawAndEntities (C:\Users\paras\OneDrive\Desktop\VDA-Application\vda\src\query-builder\SelectQueryBuilder.ts:1676:29)
    at async SelectQueryBuilder.getOne (C:\Users\paras\OneDrive\Desktop\VDA-Application\vda\src\query-builder\SelectQueryBuilder.ts:1703:25)
    at async SyntheticPatientService.get (C:\Users\paras\OneDrive\Desktop\VDA-Application\vda\src\dev\synthetic-patient.service.ts:25:21)
    at async DevDemoController.startPatientSession (C:\Users\paras\OneDrive\Desktop\VDA-Application\vda\src\dev\dev-demo.controller.ts:132:21)
    at async C:\Users\paras\OneDrive\Desktop\VDA-Application\vda\node_modules\@nestjs\core\router\router-execution-context.js:55:62
    at async C:\Users\paras\OneDrive\Desktop\VDA-Application\vda\node_modules\@nestjs\core\router\router-proxy.js:9:17
    at async C:\Users\paras\OneDrive\Desktop\VDA-Application\vda\node_modules\@nestjs\core\router\router-explorer.js:199:17
[Nest] 13024  - 14/09/2026, 1:56:52 pm   ERROR [GlobalExceptionFilter] VDA Error: code=INTERNAL_SERVER_ERROR status=500 correlationId=vda-8e983cae-3b0d-4ccf-b2fb-7dcf2ce55368 message=invalid input syntax for type uuid: "synth-patient-001"
QueryFailedError: invalid input syntax for type uuid: "synth-patient-001"
    at PostgresQueryRunner.query (C:\Users\paras\OneDrive\Desktop\VDA-Application\vda\src\driver\postgres\PostgresQueryRunner.ts:345:19)
    at process.processTicksAndRejections (node:internal/process/task_queues:105:5)
    at async SelectQueryBuilder.loadRawResults (C:\Users\paras\OneDrive\Desktop\VDA-Application\vda\src\query-builder\SelectQueryBuilder.ts:3897:25)
    at async SelectQueryBuilder.executeEntitiesAndRawResults (C:\Users\paras\OneDrive\Desktop\VDA-Application\vda\src\query-builder\SelectQueryBuilder.ts:3619:26)
    at async SelectQueryBuilder.getRawAndEntities (C:\Users\paras\OneDrive\Desktop\VDA-Application\vda\src\query-builder\SelectQueryBuilder.ts:1676:29)
    at async SelectQueryBuilder.getOne (C:\Users\paras\OneDrive\Desktop\VDA-Application\vda\src\query-builder\SelectQueryBuilder.ts:1703:25)
    at async SyntheticPatientService.get (C:\Users\paras\OneDrive\Desktop\VDA-Application\vda\src\dev\synthetic-patient.service.ts:25:21)
    at async DevDemoController.startPatientSession (C:\Users\paras\OneDrive\Desktop\VDA-Application\vda\src\dev\dev-demo.controller.ts:132:21)
    at async C:\Users\paras\OneDrive\Desktop\VDA-Application\vda\node_modules\@nestjs\core\router\router-execution-context.js:55:62
    at async C:\Users\paras\OneDrive\Desktop\VDA-Application\vda\node_modules\@nestjs\core\router\router-proxy.js:9:17
    at async C:\Users\paras\OneDrive\Desktop\VDA-Application\vda\node_modules\@nestjs\core\router\router-explorer.js:199:17
[Nest] 13024  - 14/09/2026, 1:57:20 pm   ERROR [GlobalExceptionFilter] VDA Error: code=INTERNAL_SERVER_ERROR status=500 correlationId=vda-6c44f4ae-0b6f-42d2-9c85-b6376a3e8f16 message=invalid input syntax for type uuid: "synth-patient-001"
QueryFailedError: invalid input syntax for type uuid: "synth-patient-001"
    at PostgresQueryRunner.query (C:\Users\paras\OneDrive\Desktop\VDA-Application\vda\src\driver\postgres\PostgresQueryRunner.ts:345:19)
    at process.processTicksAndRejections (node:internal/process/task_queues:105:5)
    at async SelectQueryBuilder.loadRawResults (C:\Users\paras\OneDrive\Desktop\VDA-Application\vda\src\query-builder\SelectQueryBuilder.ts:3897:25)
    at async SelectQueryBuilder.executeEntitiesAndRawResults (C:\Users\paras\OneDrive\Desktop\VDA-Application\vda\src\query-builder\SelectQueryBuilder.ts:3619:26)
    at async SelectQueryBuilder.getRawAndEntities (C:\Users\paras\OneDrive\Desktop\VDA-Application\vda\src\query-builder\SelectQueryBuilder.ts:1676:29)
    at async SelectQueryBuilder.getOne (C:\Users\paras\OneDrive\Desktop\VDA-Application\vda\src\query-builder\SelectQueryBuilder.ts:1703:25)
    at async SyntheticPatientService.get (C:\Users\paras\OneDrive\Desktop\VDA-Application\vda\src\dev\synthetic-patient.service.ts:25:21)
    at async DevDemoController.startPatientSession (C:\Users\paras\OneDrive\Desktop\VDA-Application\vda\src\dev\dev-demo.controller.ts:132:21)
    at async C:\Users\paras\OneDrive\Desktop\VDA-Application\vda\node_modules\@nestjs\core\router\router-execution-context.js:55:62
    at async C:\Users\paras\OneDrive\Desktop\VDA-Application\vda\node_modules\@nestjs\core\router\router-proxy.js:9:17
    at async C:\Users\paras\OneDrive\Desktop\VDA-Application\vda\node_modules\@nestjs\core\router\router-explorer.js:199:17
[Nest] 13024  - 14/09/2026, 1:57:21 pm   ERROR [GlobalExceptionFilter] VDA Error: code=INTERNAL_SERVER_ERROR status=500 correlationId=vda-671aa91a-f017-4934-a08a-37bc9f74e055 message=invalid input syntax for type uuid: "synth-patient-001"
QueryFailedError: invalid input syntax for type uuid: "synth-patient-001"
    at PostgresQueryRunner.query (C:\Users\paras\OneDrive\Desktop\VDA-Application\vda\src\driver\postgres\PostgresQueryRunner.ts:345:19)
    at process.processTicksAndRejections (node:internal/process/task_queues:105:5)
    at async SelectQueryBuilder.loadRawResults (C:\Users\paras\OneDrive\Desktop\VDA-Application\vda\src\query-builder\SelectQueryBuilder.ts:3897:25)
    at async SelectQueryBuilder.executeEntitiesAndRawResults (C:\Users\paras\OneDrive\Desktop\VDA-Application\vda\src\query-builder\SelectQueryBuilder.ts:3619:26)
    at async SelectQueryBuilder.getRawAndEntities (C:\Users\paras\OneDrive\Desktop\VDA-Application\vda\src\query-builder\SelectQueryBuilder.ts:1676:29)
    at async SelectQueryBuilder.getOne (C:\Users\paras\OneDrive\Desktop\VDA-Application\vda\src\query-builder\SelectQueryBuilder.ts:1703:25)
    at async SyntheticPatientService.get (C:\Users\paras\OneDrive\Desktop\VDA-Application\vda\src\dev\synthetic-patient.service.ts:25:21)
    at async DevDemoController.startPatientSession (C:\Users\paras\OneDrive\Desktop\VDA-Application\vda\src\dev\dev-demo.controller.ts:132:21)
    at async C:\Users\paras\OneDrive\Desktop\VDA-Application\vda\node_modules\@nestjs\core\router\router-execution-context.js:55:62
    at async C:\Users\paras\OneDrive\Desktop\VDA-Application\vda\node_modules\@nestjs\core\router\router-proxy.js:9:17
    at async C:\Users\paras\OneDrive\Desktop\VDA-Application\vda\node_modules\@nestjs\core\router\router-explorer.js:199:17
